1.quickcheck.badeof.bam
2.quickcheck.badheader.bam
