xx	6	1	0
xx	7	1	1
xx	8	1	1
xx	9	0	1
xx	11	0	1
xx	12	0	1
xx	13	1	1
xx	14	1	0
xx	15	1	0
