xx	1	0	0
xx	2	0	0
xx	3	0	0
xx	4	0	0
xx	5	0	0
xx	6	1	0
xx	7	1	1
xx	8	1	1
xx	9	0	1
xx	10	0	0
xx	11	0	1
xx	12	0	1
xx	13	1	1
xx	14	1	0
xx	15	1	0
xx	16	0	0
xx	17	0	0
xx	18	0	0
xx	19	0	0
xx	20	0	0
