xx	8	1	1
xx	9	0	1
xx	10	0	0
xx	11	0	1
xx	12	0	1
xx	13	1	1
